// Jest Snapshot v1, https://goo.gl/fbAQLP

exports[`<Feature /> should match existing snapshot 1`] = `<DocumentFragment />`;
