// Jest Snapshot v1, https://goo.gl/fbAQLP

exports[`<SubmitVax /> should match existing snapshot 1`] = `
<DocumentFragment>
  <article
    class="pf-c-card pf-m-rounded"
    data-ouia-component-id="OUIA-Generated-Card-1"
    data-ouia-component-type="PF4/Card"
    data-ouia-safe="true"
    id=""
  >
    <div
      class="pf-c-card__title"
    >
      <p
        class=""
        data-pf-content="true"
      >
        Vaccination Form
      </p>
      <div
        class="pf-c-content"
      >
        <small
          class=""
          data-pf-content="true"
        >
          Enter vaccination info
        </small>
      </div>
    </div>
    <div
      class="pf-c-card__body"
    >
      <form
        class="pf-c-form"
        novalidate=""
      >
        <div
          class="pf-c-form__group"
        >
          <div
            class="pf-c-form__group-label"
          >
            <label
              class="pf-c-form__label"
              for="employee-full-name"
            >
              <span
                class="pf-c-form__label-text"
              >
                Full Name
              </span>
            </label>
             
          </div>
          <div
            class="pf-c-form__group-control"
          >
            <input
              aria-invalid="false"
              aria-label="employee-full-name"
              class="pf-c-form-control"
              disabled=""
              type="text"
              value="mockFirst mockLast"
            />
            <div
              aria-live="polite"
              class="pf-c-form__helper-text"
              id="employee-full-name-helper"
            >
              Make sure this matches your full name.
            </div>
          </div>
        </div>
        <div
          class="pf-c-form__group"
        >
          <div
            class="pf-c-form__group-label"
          >
            <label
              class="pf-c-form__label"
              for="alt-first-name"
            >
              <span
                class="pf-c-form__label-text"
              >
                Preferred First Name (if applicable)
              </span>
            </label>
             
          </div>
          <div
            class="pf-c-form__group-control"
          >
            <input
              aria-invalid="false"
              aria-label="alt-first-name"
              class="pf-c-form-control"
              type="text"
              value=""
            />
            <div
              aria-live="polite"
              class="pf-c-form__helper-text"
              id="alt-first-name-helper"
            >
              Your first name as displayed on vaccination record if different than above.
            </div>
          </div>
        </div>
        <div
          class="pf-c-form__group"
        >
          <div
            class="pf-c-form__group-label"
          >
            <label
              class="pf-c-form__label"
              for="alt-last-name"
            >
              <span
                class="pf-c-form__label-text"
              >
                Preferred Last Name (if applicable)
              </span>
            </label>
             
          </div>
          <div
            class="pf-c-form__group-control"
          >
            <input
              aria-invalid="false"
              aria-label="alt-last-name"
              class="pf-c-form-control"
              type="text"
              value=""
            />
            <div
              aria-live="polite"
              class="pf-c-form__helper-text"
              id="alt-last-name-helper"
            >
              Your last name as displayed on vaccination record if different than above.
            </div>
          </div>
        </div>
        <div
          class="pf-l-grid pf-m-gutter"
        >
          <div
            class="pf-l-grid__item pf-m-12-col-on-sm pf-m-6-col-on-md"
          >
            <article
              class="pf-c-card"
              data-ouia-component-id="OUIA-Generated-Card-2"
              data-ouia-component-type="PF4/Card"
              data-ouia-safe="true"
              id=""
            >
              <div
                class="pf-c-card__title"
              >
                1st Dose or Booster 
              </div>
              <div
                class="pf-c-card__body"
              >
                <div
                  class="pf-c-form__group"
                >
                  <div
                    class="pf-c-form__group-label"
                  >
                    <label
                      class="pf-c-form__label"
                      for="shot-1-date"
                    >
                      <span
                        class="pf-c-form__label-text"
                      >
                        Date
                      </span>
                      <span
                        aria-hidden="true"
                        class="pf-c-form__label-required"
                      >
                         *
                      </span>
                    </label>
                     
                  </div>
                  <div
                    class="pf-c-form__group-control"
                  >
                    <div
                      class="pf-c-date-picker"
                      style="--pf-c-date-picker__input--c-form-control--width-chars: 10;"
                    >
                      <div
                        class="pf-c-date-picker__input"
                      >
                        <div
                          class="pf-c-input-group"
                        >
                          <input
                            aria-invalid="false"
                            aria-label="shot-1-date"
                            class="pf-c-form-control"
                            placeholder="MM-DD-YYYY"
                            type="text"
                            value=""
                          />
                          <button
                            aria-label="Toggle date picker"
                            class="pf-c-button pf-m-control"
                            type="button"
                          >
                            <svg
                              aria-hidden="true"
                              fill="currentColor"
                              height="1em"
                              role="img"
                              style="vertical-align: -0.125em;"
                              viewBox="0 0 448 512"
                              width="1em"
                            >
                              <path
                                d="M148 288h-40c-6.6 0-12-5.4-12-12v-40c0-6.6 5.4-12 12-12h40c6.6 0 12 5.4 12 12v40c0 6.6-5.4 12-12 12zm108-12v-40c0-6.6-5.4-12-12-12h-40c-6.6 0-12 5.4-12 12v40c0 6.6 5.4 12 12 12h40c6.6 0 12-5.4 12-12zm96 0v-40c0-6.6-5.4-12-12-12h-40c-6.6 0-12 5.4-12 12v40c0 6.6 5.4 12 12 12h40c6.6 0 12-5.4 12-12zm-96 96v-40c0-6.6-5.4-12-12-12h-40c-6.6 0-12 5.4-12 12v40c0 6.6 5.4 12 12 12h40c6.6 0 12-5.4 12-12zm-96 0v-40c0-6.6-5.4-12-12-12h-40c-6.6 0-12 5.4-12 12v40c0 6.6 5.4 12 12 12h40c6.6 0 12-5.4 12-12zm192 0v-40c0-6.6-5.4-12-12-12h-40c-6.6 0-12 5.4-12 12v40c0 6.6 5.4 12 12 12h40c6.6 0 12-5.4 12-12zm96-260v352c0 26.5-21.5 48-48 48H48c-26.5 0-48-21.5-48-48V112c0-26.5 21.5-48 48-48h48V12c0-6.6 5.4-12 12-12h40c6.6 0 12 5.4 12 12v52h128V12c0-6.6 5.4-12 12-12h40c6.6 0 12 5.4 12 12v52h48c26.5 0 48 21.5 48 48zm-48 346V160H48v298c0 3.3 2.7 6 6 6h340c3.3 0 6-2.7 6-6z"
                              />
                            </svg>
                          </button>
                        </div>
                      </div>
                    </div>
                    <div
                      aria-live="polite"
                      class="pf-c-form__helper-text"
                      id="shot-1-date-helper"
                    >
                      The date you received the dose.
                    </div>
                  </div>
                </div>
                <div
                  class="pf-c-form__group"
                >
                  <div
                    class="pf-c-form__group-label"
                  >
                    <label
                      class="pf-c-form__label"
                      for="vaccine-vendor-1"
                    >
                      <span
                        class="pf-c-form__label-text"
                      >
                        Vaccine Manufacturer
                      </span>
                      <span
                        aria-hidden="true"
                        class="pf-c-form__label-required"
                      >
                         *
                      </span>
                    </label>
                     
                  </div>
                  <div
                    class="pf-c-form__group-control"
                  >
                    <select
                      aria-invalid="false"
                      aria-label="vaccine-vendor-1"
                      class="pf-c-form-control"
                      data-ouia-component-id="OUIA-Generated-FormSelect-default-1"
                      data-ouia-component-type="PF4/FormSelect"
                      data-ouia-safe="true"
                    >
                      <option
                        class=""
                        disabled=""
                        value=""
                      >
                        Please Select
                      </option>
                      <option
                        class=""
                        value="AstraZeneca"
                      >
                        AstraZeneca
                      </option>
                      <option
                        class=""
                        value="Comirnaty"
                      >
                        Comirnaty
                      </option>
                      <option
                        class=""
                        value="Covaxin"
                      >
                        Covaxin
                      </option>
                      <option
                        class=""
                        value="Covishield"
                      >
                        Covishield
                      </option>
                      <option
                        class=""
                        value="Covovax"
                      >
                        Covovax
                      </option>
                      <option
                        class=""
                        value="Janssen"
                      >
                        Janssen
                      </option>
                      <option
                        class=""
                        value="Johnson"
                      >
                        Johnson & Johnson
                      </option>
                      <option
                        class=""
                        value="Moderna"
                      >
                        Moderna
                      </option>
                      <option
                        class=""
                        value="Novavax"
                      >
                        Novavax
                      </option>
                      <option
                        class=""
                        value="Oxford"
                      >
                        Oxford
                      </option>
                      <option
                        class=""
                        value="Pfizer"
                      >
                        Pfizer
                      </option>
                      <option
                        class=""
                        value="Sinopharm"
                      >
                        Sinopharm
                      </option>
                      <option
                        class=""
                        value="Sinovac_CoronaVac"
                      >
                        Sinovac-CoronaVac
                      </option>
                      <option
                        class=""
                        value="Spikevax"
                      >
                        Spikevax
                      </option>
                      <option
                        class=""
                        value="Sputnik"
                      >
                        Sputnik
                      </option>
                      <option
                        class=""
                        value="Vaxzevria"
                      >
                        Vaxzevria
                      </option>
                    </select>
                    <div
                      aria-live="polite"
                      class="pf-c-form__helper-text"
                      id="vaccine-vendor-1-helper"
                    >
                      The vendor of this dose.
                    </div>
                  </div>
                </div>
                <div
                  class="pf-c-form__group"
                >
                  <div
                    class="pf-c-form__group-label"
                  >
                    <label
                      class="pf-c-form__label"
                      for="lot-number-1"
                    >
                      <span
                        class="pf-c-form__label-text"
                      >
                        Lot/Batch Number
                      </span>
                    </label>
                     
                  </div>
                  <div
                    class="pf-c-form__group-control"
                  >
                    <input
                      aria-invalid="false"
                      aria-label="lot-number-1"
                      class="pf-c-form-control"
                      type="text"
                      value=""
                    />
                    <div
                      aria-live="polite"
                      class="pf-c-form__helper-text"
                      id="lot-number-1-helper"
                    >
                      The lot/batch number of the vaccine that you received.
                    </div>
                  </div>
                </div>
              </div>
            </article>
          </div>
        </div>
        <a
          class=""
          data-pf-content="true"
          data-testid="add-dose"
        >
          <svg
            aria-hidden="true"
            fill="currentColor"
            height="1em"
            role="img"
            style="vertical-align: -0.125em;"
            viewBox="0 0 448 512"
            width="1em"
          >
            <path
              d="M416 208H272V64c0-17.67-14.33-32-32-32h-32c-17.67 0-32 14.33-32 32v144H32c-17.67 0-32 14.33-32 32v32c0 17.67 14.33 32 32 32h144v144c0 17.67 14.33 32 32 32h32c17.67 0 32-14.33 32-32V304h144c17.67 0 32-14.33 32-32v-32c0-17.67-14.33-32-32-32z"
            />
          </svg>
           Add Dose
        </a>
        <div
          class="pf-c-form__group"
        >
          <div
            class="pf-c-form__group-control"
          >
            <button
              aria-disabled="false"
              class="pf-c-button pf-m-primary"
              data-ouia-component-id="OUIA-Generated-Button-primary-1"
              data-ouia-component-type="PF4/Button"
              data-ouia-safe="true"
              type="submit"
            >
              <span
                class="pf-c-button__icon pf-m-start"
              >
                <svg
                  aria-hidden="true"
                  fill="currentColor"
                  height="1em"
                  role="img"
                  style="vertical-align: -0.125em;"
                  viewBox="0 0 512 512"
                  width="1em"
                >
                  <path
                    d="M504 256c0 136.967-111.033 248-248 248S8 392.967 8 256 119.033 8 256 8s248 111.033 248 248zM227.314 387.314l184-184c6.248-6.248 6.248-16.379 0-22.627l-22.627-22.627c-6.248-6.249-16.379-6.249-22.628 0L216 308.118l-70.059-70.059c-6.248-6.248-16.379-6.248-22.628 0l-22.627 22.627c-6.248 6.248-6.248 16.379 0 22.627l104 104c6.249 6.249 16.379 6.249 22.628.001z"
                  />
                </svg>
              </span>
              Accept
            </button>
            <button
              aria-disabled="false"
              class="pf-c-button pf-m-plain"
              data-ouia-component-id="OUIA-Generated-Button-plain-1"
              data-ouia-component-type="PF4/Button"
              data-ouia-safe="true"
              type="button"
            >
              Back
            </button>
          </div>
        </div>
      </form>
    </div>
  </article>
</DocumentFragment>
`;
