// Jest Snapshot v1, https://goo.gl/fbAQLP

exports[`<InboxReview /> should match existing snapshot 1`] = `
<DocumentFragment>
  <article
    class="pf-c-card pf-m-rounded"
    data-ouia-component-id="OUIA-Generated-Card-1"
    data-ouia-component-type="PF4/Card"
    data-ouia-safe="true"
    id=""
  >
    <div
      class="pf-c-card__title"
    >
      <p
        class=""
        data-pf-content="true"
      >
        HR Review
      </p>
      <div
        class="pf-c-content"
      >
        <small
          class=""
          data-pf-content="true"
        >
          Review Vaccination Record
        </small>
      </div>
    </div>
    <div
      class="pf-c-card__body"
    >
      <div
        class="pf-l-grid pf-m-gutter"
      >
        <div
          class="pf-l-grid__item pf-m-6-col pf-m-2-row"
        >
          <div
            class="pf-l-flex pf-m-justify-content-center"
          >
            <div
              class=""
            />
          </div>
        </div>
        <div
          class="pf-l-grid__item pf-m-6-col"
        >
          <article
            class="pf-c-card"
            data-ouia-component-id="OUIA-Generated-Card-2"
            data-ouia-component-type="PF4/Card"
            data-ouia-safe="true"
            id=""
          >
            <div
              class="pf-c-card__title"
            >
              <p
                class=""
                data-pf-content="true"
              >
                Review Information
              </p>
              <div
                class="pf-c-content"
              >
                <small
                  class=""
                  data-pf-content="true"
                />
              </div>
            </div>
            <div
              class="pf-c-card__body"
            >
              <form
                class="pf-c-form"
                novalidate=""
              >
                <div
                  aria-label=""
                  class="pf-c-accordion pf-m-bordered"
                />
              </form>
            </div>
          </article>
          <article
            class="pf-c-card"
            data-ouia-component-id="OUIA-Generated-Card-3"
            data-ouia-component-type="PF4/Card"
            data-ouia-safe="true"
            id=""
          >
            <div
              class="pf-c-card__title"
            >
              <p
                class=""
                data-pf-content="true"
              >
                Employee Information
              </p>
              <div
                class="pf-c-content"
              >
                <small
                  class=""
                  data-pf-content="true"
                />
              </div>
            </div>
            <div
              class="pf-c-card__body"
            >
              <form
                class="pf-c-form"
                novalidate=""
              >
                <div
                  class="pf-c-form__group"
                >
                  <div
                    class="pf-c-form__group-label"
                  >
                    <label
                      class="pf-c-form__label"
                      for="profile-form-employee-id"
                    >
                      <span
                        class="pf-c-form__label-text"
                      >
                        Person ID
                      </span>
                    </label>
                     
                  </div>
                  <div
                    class="pf-c-form__group-control"
                  >
                    <input
                      aria-invalid="false"
                      aria-label="profile-input-employee-id"
                      class="pf-c-form-control"
                      disabled=""
                      type="text"
                      value=""
                    />
                  </div>
                </div>
                <div
                  class="pf-c-form__group"
                >
                  <div
                    class="pf-c-form__group-label"
                  >
                    <label
                      class="pf-c-form__label"
                      for="profile-form-employee-name"
                    >
                      <span
                        class="pf-c-form__label-text"
                      >
                        Name
                      </span>
                    </label>
                     
                  </div>
                  <div
                    class="pf-c-form__group-control"
                  >
                    <input
                      aria-invalid="false"
                      aria-label="profile-input-employee-name"
                      class="pf-c-form-control"
                      disabled=""
                      type="text"
                      value=""
                    />
                  </div>
                </div>
                <div
                  class="pf-c-form__group"
                >
                  <div
                    class="pf-c-form__group-label"
                  >
                    <label
                      class="pf-c-form__label"
                      for="profile-form-employee-email"
                    >
                      <span
                        class="pf-c-form__label-text"
                      >
                        Email
                      </span>
                    </label>
                     
                  </div>
                  <div
                    class="pf-c-form__group-control"
                  >
                    <input
                      aria-invalid="false"
                      aria-label="profile-input-employee-email"
                      class="pf-c-form-control"
                      disabled=""
                      type="text"
                      value=""
                    />
                  </div>
                </div>
              </form>
            </div>
          </article>
        </div>
      </div>
    </div>
    <div
      class="pf-c-card__footer"
    >
      <div
        class="pf-l-split pf-m-gutter"
      >
        <button
          aria-disabled="false"
          class="pf-c-button pf-m-primary pf-m-progress"
          data-ouia-component-id="OUIA-Generated-Button-primary-1"
          data-ouia-component-type="PF4/Button"
          data-ouia-safe="true"
          type="button"
        >
          <span
            class="pf-c-button__icon pf-m-start"
          >
            <svg
              aria-hidden="true"
              fill="currentColor"
              height="1em"
              role="img"
              style="vertical-align: -0.125em;"
              viewBox="0 0 512 512"
              width="1em"
            >
              <path
                d="M504 256c0 136.967-111.033 248-248 248S8 392.967 8 256 119.033 8 256 8s248 111.033 248 248zM227.314 387.314l184-184c6.248-6.248 6.248-16.379 0-22.627l-22.627-22.627c-6.248-6.249-16.379-6.249-22.628 0L216 308.118l-70.059-70.059c-6.248-6.248-16.379-6.248-22.628 0l-22.627 22.627c-6.248 6.248-6.248 16.379 0 22.627l104 104c6.249 6.249 16.379 6.249 22.628.001z"
              />
            </svg>
          </span>
          Accept
        </button>
        <button
          aria-disabled="false"
          class="pf-c-button pf-m-danger"
          data-ouia-component-id="OUIA-Generated-Button-danger-1"
          data-ouia-component-type="PF4/Button"
          data-ouia-safe="true"
          type="button"
        >
          <span
            class="pf-c-button__icon pf-m-start"
          >
            <svg
              aria-hidden="true"
              fill="currentColor"
              height="1em"
              role="img"
              style="vertical-align: -0.125em;"
              viewBox="0 0 1024 1024"
              width="1em"
            >
              <path
                d="M409.5,319 C406.699326,316.168774 402.882413,314.575614 398.9,314.575614 C394.917587,314.575614 391.100674,316.168774 388.3,319 L319,388.3 C316.168774,391.100674 314.575614,394.917587 314.575614,398.9 C314.575614,402.882413 316.168774,406.699326 319,409.5 L421.5,512 L319,614.5 C316.168774,617.300674 314.575614,621.117587 314.575614,625.1 C314.575614,629.082413 316.168774,632.899326 319,635.7 L388.3,705 C391.100674,707.831226 394.917587,709.424386 398.9,709.424386 C402.882413,709.424386 406.699326,707.831226 409.5,705 L512,602.5 L614.5,705 C620.367618,710.877435 629.877455,710.922082 635.8,705.1 L705.1,635.8 C707.926508,632.970191 709.505822,629.128746 709.48721,625.129169 C709.468267,621.129592 707.852954,617.303145 705,614.5 L602.5,512 L705,409.5 C707.821142,406.720523 709.417879,402.93109 709.436648,398.97079 C709.455417,395.01049 707.89467,391.206092 705.1,388.4 L635.8,319 C629.932382,313.122565 620.422545,313.077918 614.5,318.9 L512,421.5 L409.5,319 Z M512,896 C300.2,896 128,723.9 128,512 C128,300.3 300.2,128 512,128 C723.8,128 896,300.2 896,512 C896,723.8 723.7,896 512,896 Z M512.1,0 C229.7,0 0,229.8 0,512 C0,794.2 229.8,1024 512.1,1024 C794.4,1024 1024,794.3 1024,512 C1024,229.7 794.4,0 512.1,0 Z"
              />
            </svg>
          </span>
          Decline
        </button>
        <button
          aria-disabled="false"
          class="pf-c-button pf-m-plain"
          data-ouia-component-id="OUIA-Generated-Button-plain-1"
          data-ouia-component-type="PF4/Button"
          data-ouia-safe="true"
          type="button"
        >
          Back
        </button>
      </div>
    </div>
  </article>
</DocumentFragment>
`;
