// Jest Snapshot v1, https://goo.gl/fbAQLP

exports[`<HRVaxSubmit /> should match existing snapshot 1`] = `
<DocumentFragment>
  <article
    class="pf-c-card"
    data-ouia-component-id="OUIA-Generated-Card-1"
    data-ouia-component-type="PF4/Card"
    data-ouia-safe="true"
    id=""
  >
    <div
      class="pf-c-card__body"
    >
      <form
        class="pf-c-form"
        novalidate=""
      >
        <div
          class="pf-c-form__group"
        >
          <div
            class="pf-c-form__group-label"
          >
            <label
              class="pf-c-form__label"
              for="employee-full-name"
            >
              <span
                class="pf-c-form__label-text"
              >
                Full Name
              </span>
            </label>
             
          </div>
          <div
            class="pf-c-form__group-control"
          >
            <input
              aria-invalid="false"
              aria-label="employee-full-name"
              class="pf-c-form-control"
              disabled=""
              type="text"
              value="undefined undefined"
            />
            <div
              aria-live="polite"
              class="pf-c-form__helper-text"
              id="employee-full-name-helper"
            >
              Make sure this matches the full name of the person you are submitting for.
            </div>
          </div>
        </div>
        <div
          class="pf-c-form__group"
        >
          <div
            class="pf-c-form__group-label"
          >
            <label
              class="pf-c-form__label"
              for="alt-first-name"
            >
              <span
                class="pf-c-form__label-text"
              >
                Preferred First Name (if applicable)
              </span>
            </label>
             
          </div>
          <div
            class="pf-c-form__group-control"
          >
            <input
              aria-invalid="false"
              aria-label="alt-first-name"
              class="pf-c-form-control"
              type="text"
              value=""
            />
            <div
              aria-live="polite"
              class="pf-c-form__helper-text"
              id="alt-first-name-helper"
            >
              Individual's first name as displayed on vaccination record if different than above.
            </div>
          </div>
        </div>
        <div
          class="pf-c-form__group"
        >
          <div
            class="pf-c-form__group-label"
          >
            <label
              class="pf-c-form__label"
              for="alt-last-name"
            >
              <span
                class="pf-c-form__label-text"
              >
                Preferred Last Name (if applicable)
              </span>
            </label>
             
          </div>
          <div
            class="pf-c-form__group-control"
          >
            <input
              aria-invalid="false"
              aria-label="alt-last-name"
              class="pf-c-form-control"
              type="text"
              value=""
            />
            <div
              aria-live="polite"
              class="pf-c-form__helper-text"
              id="alt-last-name-helper"
            >
              Individual's last name as displayed on vaccination record if different than above.
            </div>
          </div>
        </div>
        <div
          class="pf-l-grid pf-m-gutter"
        >
          <div
            class="pf-l-grid__item pf-m-12-col-on-sm pf-m-6-col-on-md"
          >
            <article
              class="pf-c-card"
              data-ouia-component-id="OUIA-Generated-Card-2"
              data-ouia-component-type="PF4/Card"
              data-ouia-safe="true"
              id=""
            >
              <div
                class="pf-c-card__title"
              >
                1st Dose or Booster 
              </div>
              <div
                class="pf-c-card__body"
              >
                <div
                  class="pf-c-form__group"
                >
                  <div
                    class="pf-c-form__group-label"
                  >
                    <label
                      class="pf-c-form__label"
                      for="shot-1-date"
                    >
                      <span
                        class="pf-c-form__label-text"
                      >
                        Date
                      </span>
                      <span
                        aria-hidden="true"
                        class="pf-c-form__label-required"
                      >
                         *
                      </span>
                    </label>
                     
                  </div>
                  <div
                    class="pf-c-form__group-control"
                  >
                    <div
                      class="pf-c-date-picker"
                      style="--pf-c-date-picker__input--c-form-control--width-chars: 10;"
                    >
                      <div
                        class="pf-c-date-picker__input"
                      >
                        <div
                          class="pf-c-input-group"
                        >
                          <input
                            aria-invalid="false"
                            aria-label="shot-1-date"
                            class="pf-c-form-control"
                            placeholder="MM-DD-YYYY"
                            type="text"
                            value=""
                          />
                          <button
                            aria-label="Toggle date picker"
                            class="pf-c-button pf-m-control"
                            type="button"
                          >
                            <svg
                              aria-hidden="true"
                              fill="currentColor"
                              height="1em"
                              role="img"
                              style="vertical-align: -0.125em;"
                              viewBox="0 0 448 512"
                              width="1em"
                            >
                              <path
                                d="M148 288h-40c-6.6 0-12-5.4-12-12v-40c0-6.6 5.4-12 12-12h40c6.6 0 12 5.4 12 12v40c0 6.6-5.4 12-12 12zm108-12v-40c0-6.6-5.4-12-12-12h-40c-6.6 0-12 5.4-12 12v40c0 6.6 5.4 12 12 12h40c6.6 0 12-5.4 12-12zm96 0v-40c0-6.6-5.4-12-12-12h-40c-6.6 0-12 5.4-12 12v40c0 6.6 5.4 12 12 12h40c6.6 0 12-5.4 12-12zm-96 96v-40c0-6.6-5.4-12-12-12h-40c-6.6 0-12 5.4-12 12v40c0 6.6 5.4 12 12 12h40c6.6 0 12-5.4 12-12zm-96 0v-40c0-6.6-5.4-12-12-12h-40c-6.6 0-12 5.4-12 12v40c0 6.6 5.4 12 12 12h40c6.6 0 12-5.4 12-12zm192 0v-40c0-6.6-5.4-12-12-12h-40c-6.6 0-12 5.4-12 12v40c0 6.6 5.4 12 12 12h40c6.6 0 12-5.4 12-12zm96-260v352c0 26.5-21.5 48-48 48H48c-26.5 0-48-21.5-48-48V112c0-26.5 21.5-48 48-48h48V12c0-6.6 5.4-12 12-12h40c6.6 0 12 5.4 12 12v52h128V12c0-6.6 5.4-12 12-12h40c6.6 0 12 5.4 12 12v52h48c26.5 0 48 21.5 48 48zm-48 346V160H48v298c0 3.3 2.7 6 6 6h340c3.3 0 6-2.7 6-6z"
                              />
                            </svg>
                          </button>
                        </div>
                      </div>
                    </div>
                    <div
                      aria-live="polite"
                      class="pf-c-form__helper-text"
                      id="shot-1-date-helper"
                    >
                      The date you received the dose.
                    </div>
                  </div>
                </div>
                <div
                  class="pf-c-form__group"
                >
                  <div
                    class="pf-c-form__group-label"
                  >
                    <label
                      class="pf-c-form__label"
                      for="vaccine-vendor-1"
                    >
                      <span
                        class="pf-c-form__label-text"
                      >
                        Vaccine Manufacturer
                      </span>
                      <span
                        aria-hidden="true"
                        class="pf-c-form__label-required"
                      >
                         *
                      </span>
                    </label>
                     
                  </div>
                  <div
                    class="pf-c-form__group-control"
                  >
                    <select
                      aria-invalid="false"
                      aria-label="vaccine-vendor-1"
                      class="pf-c-form-control"
                      data-ouia-component-id="OUIA-Generated-FormSelect-default-1"
                      data-ouia-component-type="PF4/FormSelect"
                      data-ouia-safe="true"
                    >
                      <option
                        class=""
                        disabled=""
                        value=""
                      >
                        Please Select
                      </option>
                      <option
                        class=""
                        value="AstraZeneca"
                      >
                        AstraZeneca
                      </option>
                      <option
                        class=""
                        value="Comirnaty"
                      >
                        Comirnaty
                      </option>
                      <option
                        class=""
                        value="Covaxin"
                      >
                        Covaxin
                      </option>
                      <option
                        class=""
                        value="Covishield"
                      >
                        Covishield
                      </option>
                      <option
                        class=""
                        value="Covovax"
                      >
                        Covovax
                      </option>
                      <option
                        class=""
                        value="Janssen"
                      >
                        Janssen
                      </option>
                      <option
                        class=""
                        value="Johnson"
                      >
                        Johnson & Johnson
                      </option>
                      <option
                        class=""
                        value="Moderna"
                      >
                        Moderna
                      </option>
                      <option
                        class=""
                        value="Novavax"
                      >
                        Novavax
                      </option>
                      <option
                        class=""
                        value="Oxford"
                      >
                        Oxford
                      </option>
                      <option
                        class=""
                        value="Pfizer"
                      >
                        Pfizer
                      </option>
                      <option
                        class=""
                        value="Sinopharm"
                      >
                        Sinopharm
                      </option>
                      <option
                        class=""
                        value="Sinovac_CoronaVac"
                      >
                        Sinovac-CoronaVac
                      </option>
                      <option
                        class=""
                        value="Spikevax"
                      >
                        Spikevax
                      </option>
                      <option
                        class=""
                        value="Sputnik"
                      >
                        Sputnik
                      </option>
                      <option
                        class=""
                        value="Vaxzevria"
                      >
                        Vaxzevria
                      </option>
                    </select>
                    <div
                      aria-live="polite"
                      class="pf-c-form__helper-text"
                      id="vaccine-vendor-1-helper"
                    >
                      The vendor of this dose as shown on the documentation.
                    </div>
                  </div>
                </div>
                <div
                  class="pf-c-form__group"
                >
                  <div
                    class="pf-c-form__group-label"
                  >
                    <label
                      class="pf-c-form__label"
                      for="lot-number-1"
                    >
                      <span
                        class="pf-c-form__label-text"
                      >
                        Lot/Batch Number
                      </span>
                    </label>
                     
                  </div>
                  <div
                    class="pf-c-form__group-control"
                  >
                    <input
                      aria-invalid="false"
                      aria-label="lot-number-1"
                      class="pf-c-form-control"
                      type="text"
                      value=""
                    />
                    <div
                      aria-live="polite"
                      class="pf-c-form__helper-text"
                      id="lot-number-1-helper"
                    >
                      The lot/batch number of the vaccine received as shown on the documentation.
                    </div>
                  </div>
                </div>
              </div>
            </article>
          </div>
        </div>
        <a
          class=""
          data-pf-content="true"
          data-testid="add-dose"
        >
          <svg
            aria-hidden="true"
            fill="currentColor"
            height="1em"
            role="img"
            style="vertical-align: -0.125em;"
            viewBox="0 0 448 512"
            width="1em"
          >
            <path
              d="M416 208H272V64c0-17.67-14.33-32-32-32h-32c-17.67 0-32 14.33-32 32v144H32c-17.67 0-32 14.33-32 32v32c0 17.67 14.33 32 32 32h144v144c0 17.67 14.33 32 32 32h32c17.67 0 32-14.33 32-32V304h144c17.67 0 32-14.33 32-32v-32c0-17.67-14.33-32-32-32z"
            />
          </svg>
           Add Dose
        </a>
        <div
          class="pf-c-form__group"
        >
          <div
            class="pf-c-form__group-control"
          >
            <div
              class="pf-l-flex"
            >
              <div
                class="pf-m-align-right"
              >
                <button
                  aria-disabled="false"
                  class="pf-c-button pf-m-primary pf-m-progress"
                  data-ouia-component-id="OUIA-Generated-Button-primary-1"
                  data-ouia-component-type="PF4/Button"
                  data-ouia-safe="true"
                  type="submit"
                >
                  <span
                    class="pf-c-button__icon pf-m-start"
                  >
                    <svg
                      aria-hidden="true"
                      fill="currentColor"
                      height="1em"
                      role="img"
                      style="vertical-align: -0.125em;"
                      viewBox="0 0 512 512"
                      width="1em"
                    >
                      <path
                        d="M440 6.5L24 246.4c-34.4 19.9-31.1 70.8 5.7 85.9L144 379.6V464c0 46.4 59.2 65.5 86.6 28.6l43.8-59.1 111.9 46.2c5.9 2.4 12.1 3.6 18.3 3.6 8.2 0 16.3-2.1 23.6-6.2 12.8-7.2 21.6-20 23.9-34.5l59.4-387.2c6.1-40.1-36.9-68.8-71.5-48.9zM192 464v-64.6l36.6 15.1L192 464zm212.6-28.7l-153.8-63.5L391 169.5c10.7-15.5-9.5-33.5-23.7-21.2L155.8 332.6 48 288 464 48l-59.4 387.3z"
                      />
                    </svg>
                  </span>
                  Submit
                </button>
              </div>
            </div>
          </div>
        </div>
      </form>
    </div>
  </article>
</DocumentFragment>
`;
