// Jest Snapshot v1, https://goo.gl/fbAQLP

exports[`<GlobalStyle /> should match existing snapshot 1`] = `<DocumentFragment />`;
