// Jest Snapshot v1, https://goo.gl/fbAQLP

exports[`<PriorityReview /> should match existing snapshot 1`] = `
<DocumentFragment>
  <article
    class="pf-c-card pf-m-rounded"
    data-ouia-component-id="OUIA-Generated-Card-1"
    data-ouia-component-type="PF4/Card"
    data-ouia-safe="true"
    id=""
  >
    <div
      class="pf-c-card__title"
    >
      <p
        class=""
        data-pf-content="true"
      >
        HR Review
      </p>
      <div
        class="pf-c-content"
      >
        <small
          class=""
          data-pf-content="true"
        >
          Review COVID Results
        </small>
      </div>
    </div>
    <div
      class="pf-c-card__body"
    >
      <div
        class="pf-l-grid pf-m-gutter"
      >
        <div
          class="pf-l-grid__item pf-m-6-col pf-m-2-row"
        />
        <div
          class="pf-l-grid__item pf-m-6-col"
        >
          <article
            class="pf-c-card"
            data-ouia-component-id="OUIA-Generated-Card-2"
            data-ouia-component-type="PF4/Card"
            data-ouia-safe="true"
            id=""
          >
            <div
              class="pf-c-card__title"
            >
              <p
                class=""
                data-pf-content="true"
              >
                Review Information
              </p>
              <div
                class="pf-c-content"
              >
                <small
                  class=""
                  data-pf-content="true"
                />
              </div>
            </div>
            <div
              class="pf-c-card__body"
            >
              <form
                class="pf-c-form"
                novalidate=""
              >
                <div
                  class="pf-c-form__group"
                >
                  <div
                    class="pf-c-form__group-label"
                  >
                    <label
                      class="pf-c-form__label"
                      for="test-result"
                    >
                      <span
                        class="pf-c-form__label-text"
                      >
                        Test Result or Submission Type
                      </span>
                    </label>
                     
                  </div>
                  <div
                    class="pf-c-form__group-control"
                  >
                    <input
                      aria-invalid="false"
                      class="pf-c-form-control"
                      disabled=""
                      id="test-result"
                      type="text"
                      value=""
                    />
                  </div>
                </div>
                <div
                  class="pf-c-form__group"
                >
                  <div
                    class="pf-c-form__group-label"
                  >
                    <label
                      class="pf-c-form__label"
                      for="test-date"
                    >
                      <span
                        class="pf-c-form__label-text"
                      >
                        Effective Date
                      </span>
                    </label>
                     
                  </div>
                  <div
                    class="pf-c-form__group-control"
                  >
                    <input
                      aria-invalid="false"
                      class="pf-c-form-control"
                      disabled=""
                      id="test-date"
                      type="text"
                      value=""
                    />
                  </div>
                </div>
              </form>
            </div>
          </article>
          <article
            class="pf-c-card"
            data-ouia-component-id="OUIA-Generated-Card-3"
            data-ouia-component-type="PF4/Card"
            data-ouia-safe="true"
            id=""
          >
            <div
              class="pf-c-card__title"
            >
              <p
                class=""
                data-pf-content="true"
              >
                Employee Information
              </p>
              <div
                class="pf-c-content"
              >
                <small
                  class=""
                  data-pf-content="true"
                />
              </div>
            </div>
            <div
              class="pf-c-card__body"
            >
              <form
                class="pf-c-form"
                novalidate=""
              >
                <div
                  class="pf-c-form__group"
                >
                  <div
                    class="pf-c-form__group-label"
                  >
                    <label
                      class="pf-c-form__label"
                      for="profile-form-employee-id"
                    >
                      <span
                        class="pf-c-form__label-text"
                      >
                        Person ID
                      </span>
                    </label>
                     
                  </div>
                  <div
                    class="pf-c-form__group-control"
                  >
                    <input
                      aria-invalid="false"
                      aria-label="profile-input-employee-id"
                      class="pf-c-form-control"
                      disabled=""
                      type="text"
                      value=""
                    />
                  </div>
                </div>
                <div
                  class="pf-c-form__group"
                >
                  <div
                    class="pf-c-form__group-label"
                  >
                    <label
                      class="pf-c-form__label"
                      for="profile-form-employee-name"
                    >
                      <span
                        class="pf-c-form__label-text"
                      >
                        Name
                      </span>
                    </label>
                     
                  </div>
                  <div
                    class="pf-c-form__group-control"
                  >
                    <input
                      aria-invalid="false"
                      aria-label="profile-input-employee-name"
                      class="pf-c-form-control"
                      disabled=""
                      type="text"
                      value=""
                    />
                  </div>
                </div>
                <div
                  class="pf-c-form__group"
                >
                  <div
                    class="pf-c-form__group-label"
                  >
                    <label
                      class="pf-c-form__label"
                      for="profile-form-employee-email"
                    >
                      <span
                        class="pf-c-form__label-text"
                      >
                        Email
                      </span>
                    </label>
                     
                  </div>
                  <div
                    class="pf-c-form__group-control"
                  >
                    <input
                      aria-invalid="false"
                      aria-label="profile-input-employee-email"
                      class="pf-c-form-control"
                      disabled=""
                      type="text"
                      value=""
                    />
                  </div>
                </div>
              </form>
            </div>
          </article>
        </div>
      </div>
    </div>
    <div
      class="pf-c-card__footer"
    >
      <div
        class="pf-l-flex"
      >
        <div
          class="pf-m-align-left"
        >
          <button
            aria-disabled="false"
            class="pf-c-button pf-m-plain"
            data-ouia-component-id="OUIA-Generated-Button-plain-1"
            data-ouia-component-type="PF4/Button"
            data-ouia-safe="true"
            type="button"
          >
            Back
          </button>
        </div>
        <div
          class="pf-m-align-right"
        >
          <button
            aria-disabled="false"
            class="pf-c-button pf-m-primary"
            data-ouia-component-id="OUIA-Generated-Button-primary-1"
            data-ouia-component-type="PF4/Button"
            data-ouia-safe="true"
            type="button"
          >
            <span
              class="pf-c-button__icon pf-m-start"
            >
              <svg
                aria-hidden="true"
                fill="currentColor"
                height="1em"
                role="img"
                style="vertical-align: -0.125em;"
                viewBox="0 0 512 512"
                width="1em"
              >
                <path
                  d="M504 256c0 136.967-111.033 248-248 248S8 392.967 8 256 119.033 8 256 8s248 111.033 248 248zM227.314 387.314l184-184c6.248-6.248 6.248-16.379 0-22.627l-22.627-22.627c-6.248-6.249-16.379-6.249-22.628 0L216 308.118l-70.059-70.059c-6.248-6.248-16.379-6.248-22.628 0l-22.627 22.627c-6.248 6.248-6.248 16.379 0 22.627l104 104c6.249 6.249 16.379 6.249 22.628.001z"
                />
              </svg>
            </span>
            Confirm
          </button>
        </div>
      </div>
    </div>
  </article>
</DocumentFragment>
`;
