// Jest Snapshot v1, https://goo.gl/fbAQLP

exports[`<CaseReviewPanel /> should match existing snapshot 1`] = `
<DocumentFragment>
  <article
    class="pf-c-card pf-m-rounded"
    data-ouia-component-id="OUIA-Generated-Card-1"
    data-ouia-component-type="PF4/Card"
    data-ouia-safe="true"
    height="500px"
    id=""
  >
    <div
      class="pf-c-card__title"
    >
      <p
        class=""
        data-pf-content="true"
      >
        Attestation Details
      </p>
      <div
        class="pf-c-content"
      >
        <small
          class=""
          data-pf-content="true"
        />
      </div>
    </div>
    <div
      class="pf-c-card__body"
    >
      <div
        class="pf-l-grid pf-m-gutter"
      >
        <div
          class="pf-l-grid__item pf-m-12-col"
        />
        <div
          class="pf-l-flex pf-m-justify-content-center"
        >
          <div
            class=""
          >
            <div
              class="pf-l-grid__item pf-m-12-col"
            >
              No Image
            </div>
          </div>
        </div>
      </div>
    </div>
    <div
      class="pf-c-card__footer"
    />
    <div
      class="pf-c-card__footer"
    >
      <div
        class="pf-l-split pf-m-gutter"
      >
        <button
          aria-disabled="false"
          class="pf-c-button pf-m-danger"
          data-ouia-component-id="OUIA-Generated-Button-danger-1"
          data-ouia-component-type="PF4/Button"
          data-ouia-safe="true"
          style="margin-left: 80%;"
          type="button"
        >
          Delete Record
        </button>
      </div>
    </div>
  </article>
</DocumentFragment>
`;
