// Jest Snapshot v1, https://goo.gl/fbAQLP

exports[`Contact Page should match existing snapshot 1`] = `
<Card
  isRounded={true}
>
  <CardWithTitle
    info="If you need more information, use the links below."
    title="Help"
  />
  <CardBody>
    <Button
      component="a"
      href="https://redhat.service-now.com/help?id=kb_article_view&sysparm_article=KB0015661"
      icon={
        <ExternalLinkAltIcon
          color="currentColor"
          noVerticalAlign={false}
          size="sm"
        />
      }
      target="_blank"
      variant="link"
    >
      VCS User Guide
    </Button>
    <br />
    <Button
      component="a"
      href="https://redhat.service-now.com/help?id=kb_search&spa=1&workflow_state=published&kb_knowledge_base=9f106876db5b8890ab8fe8ca4896199c"
      icon={
        <ExternalLinkAltIcon
          color="currentColor"
          noVerticalAlign={false}
          size="sm"
        />
      }
      target="_blank"
      variant="link"
    >
      Frequently asked questions (FAQs) and related knowledge base articles
    </Button>
    <br />
    <Button
      component="a"
      href="https://redhat.service-now.com/help?id=sc_cat_item&sys_id=89e35ece1b4074102d12c880604bcb6a"
      icon={
        <ExternalLinkAltIcon
          color="currentColor"
          noVerticalAlign={false}
          size="sm"
        />
      }
      target="_blank"
      variant="link"
    >
      Contact People Helpdesk for process questions and systems issues
    </Button>
    <br />
    <Button
      component="a"
      href="https://www.redhat.com/en/services/consulting"
      icon={
        <ExternalLinkAltIcon
          color="currentColor"
          noVerticalAlign={false}
          size="sm"
        />
      }
      target="_blank"
      variant="link"
    >
      Developed by the Red Hat NAPS Services Team
    </Button>
  </CardBody>
  <CardFooter>
    <Button
      onClick={[Function]}
      variant="plain"
    >
      Back
    </Button>
  </CardFooter>
</Card>
`;
