// Jest Snapshot v1, https://goo.gl/fbAQLP

exports[`Consent Context  should match existing snapshot 1`] = `
<DocumentFragment>
  <div>
    Consent Rejected
    <button
      aria-disabled="false"
      class="pf-c-button pf-m-primary"
      data-ouia-component-id="OUIA-Generated-Button-primary-1"
      data-ouia-component-type="PF4/Button"
      data-ouia-safe="true"
      type="button"
    >
      Update
    </button>
  </div>
</DocumentFragment>
`;
